C:/Users/ASUS/Desktop/fw_exp_board_usb_v1/src/chrono/chrono.c:456:8:fChrono_IsTickUsAvailable	0	static
C:/Users/ASUS/Desktop/fw_exp_board_usb_v1/src/chrono/chrono.c:470:8:fChrono_IsTickMsAvailable	0	static
C:/Users/ASUS/Desktop/fw_exp_board_usb_v1/src/chrono/chrono.c:484:8:fChrono_IsTickSAvailable	0	static
C:/Users/ASUS/Desktop/fw_exp_board_usb_v1/src/chrono/chrono.c:498:10:fChrono_GetRamUsage	0	static
C:/Users/ASUS/Desktop/fw_exp_board_usb_v1/src/chrono/chrono.c:512:8:fChrono_GetTick	8	static
C:/Users/ASUS/Desktop/fw_exp_board_usb_v1/src/chrono/chrono.c:590:8:fChrono_GetTickTopValue	0	static
C:/Users/ASUS/Desktop/fw_exp_board_usb_v1/src/chrono/chrono.c:604:8:fChrono_GetTickInitValue	0	static
C:/Users/ASUS/Desktop/fw_exp_board_usb_v1/src/chrono/chrono.c:622:10:fChrono_GetTickToNsCoef	0	static
C:/Users/ASUS/Desktop/fw_exp_board_usb_v1/src/chrono/chrono.c:645:12:fChrono_GetTickPointer	0	static
C:/Users/ASUS/Desktop/fw_exp_board_usb_v1/src/chrono/chrono.c:663:9:fChrono_GetMaxMeasurableTimeS	0	static
C:/Users/ASUS/Desktop/fw_exp_board_usb_v1/src/chrono/chrono.c:675:10:fChrono_GetMaxMeasurableTimeMs	0	static
C:/Users/ASUS/Desktop/fw_exp_board_usb_v1/src/chrono/chrono.c:687:10:fChrono_GetMaxMeasurableTimeUs	0	static
C:/Users/ASUS/Desktop/fw_exp_board_usb_v1/src/chrono/chrono.c:701:9:fChrono_TimeSpanS	0	static
C:/Users/ASUS/Desktop/fw_exp_board_usb_v1/src/chrono/chrono.c:715:10:fChrono_TimeSpanMs	0	static
C:/Users/ASUS/Desktop/fw_exp_board_usb_v1/src/chrono/chrono.c:730:10:fChrono_TimeSpanUs	0	static
C:/Users/ASUS/Desktop/fw_exp_board_usb_v1/src/chrono/chrono.c:745:8:fChrono_TimeSpanTick	0	static
C:/Users/ASUS/Desktop/fw_exp_board_usb_v1/src/chrono/chrono.c:823:8:fChrono_Start	8	static
C:/Users/ASUS/Desktop/fw_exp_board_usb_v1/src/chrono/chrono.c:397:9:fChrono_Init	8	static
C:/Users/ASUS/Desktop/fw_exp_board_usb_v1/src/chrono/chrono.c:841:8:fChrono_Stop	8	static
C:/Users/ASUS/Desktop/fw_exp_board_usb_v1/src/chrono/chrono.c:860:9:fChrono_ElapsedS	8	static
C:/Users/ASUS/Desktop/fw_exp_board_usb_v1/src/chrono/chrono.c:574:10:fChrono_GetContinuousTickS	16	static
C:/Users/ASUS/Desktop/fw_exp_board_usb_v1/src/chrono/chrono.c:760:6:fChrono_DelayS	32	static
C:/Users/ASUS/Desktop/fw_exp_board_usb_v1/src/chrono/chrono.c:880:10:fChrono_ElapsedMs	8	static
C:/Users/ASUS/Desktop/fw_exp_board_usb_v1/src/chrono/chrono.c:557:10:fChrono_GetContinuousTickMs	16	static
C:/Users/ASUS/Desktop/fw_exp_board_usb_v1/src/chrono/chrono.c:778:6:fChrono_DelayMs	32	static
C:/Users/ASUS/Desktop/fw_exp_board_usb_v1/src/chrono/chrono.c:900:10:fChrono_ElapsedUs	8	static
C:/Users/ASUS/Desktop/fw_exp_board_usb_v1/src/chrono/chrono.c:540:10:fChrono_GetContinuousTickUs	16	static
C:/Users/ASUS/Desktop/fw_exp_board_usb_v1/src/chrono/chrono.c:796:6:fChrono_DelayUs	32	static
C:/Users/ASUS/Desktop/fw_exp_board_usb_v1/src/chrono/chrono.c:923:9:fChrono_LeftS	16	static
C:/Users/ASUS/Desktop/fw_exp_board_usb_v1/src/chrono/chrono.c:957:10:fChrono_LeftMs	16	static
C:/Users/ASUS/Desktop/fw_exp_board_usb_v1/src/chrono/chrono.c:991:10:fChrono_LeftUs	16	static
C:/Users/ASUS/Desktop/fw_exp_board_usb_v1/src/chrono/chrono.c:1020:6:fChrono_StartTimeoutS	8	static
C:/Users/ASUS/Desktop/fw_exp_board_usb_v1/src/chrono/chrono.c:1037:6:fChrono_StartTimeoutMs	8	static
C:/Users/ASUS/Desktop/fw_exp_board_usb_v1/src/chrono/chrono.c:1054:6:fChrono_StartTimeoutUs	8	static
C:/Users/ASUS/Desktop/fw_exp_board_usb_v1/src/chrono/chrono.c:1073:8:fChrono_IsTimeout	24	static
C:/Users/ASUS/Desktop/fw_exp_board_usb_v1/src/chrono/chrono.c:1109:9:fChrono_IntervalS	8	static
C:/Users/ASUS/Desktop/fw_exp_board_usb_v1/src/chrono/chrono.c:1136:10:fChrono_IntervalMs	8	static
C:/Users/ASUS/Desktop/fw_exp_board_usb_v1/src/chrono/chrono.c:1163:10:fChrono_IntervalUs	8	static
