C:/Users/ASUS/Desktop/fw_exp_board_usb_v1/src/USB_DEVICE/App/usbd_cdc_if.c:164:15:CDC_DeInit_FS	0	static
C:/Users/ASUS/Desktop/fw_exp_board_usb_v1/src/USB_DEVICE/App/usbd_cdc_if.c:178:15:CDC_Control_FS	0	static
C:/Users/ASUS/Desktop/fw_exp_board_usb_v1/src/USB_DEVICE/App/usbd_cdc_if.c:259:15:CDC_Receive_FS	16	static
C:/Users/ASUS/Desktop/fw_exp_board_usb_v1/src/USB_DEVICE/App/usbd_cdc_if.c:150:15:CDC_Init_FS	8	static
C:/Users/ASUS/Desktop/fw_exp_board_usb_v1/src/USB_DEVICE/App/usbd_cdc_if.c:286:9:CDC_Transmit_FS	8	static
C:/Users/ASUS/Desktop/fw_exp_board_usb_v1/src/USB_DEVICE/App/usbd_cdc_if.c:310:9:CDC_RegisterReceiveCallback_FS	0	static
