C:/Users/ASUS/Desktop/fw_exp_board_usb_v1/src/Core/Src/stm32f1xx_it.c:38:6:NMI_Handler	0	static
C:/Users/ASUS/Desktop/fw_exp_board_usb_v1/src/Core/Src/stm32f1xx_it.c:49:6:HardFault_Handler	0	static
C:/Users/ASUS/Desktop/fw_exp_board_usb_v1/src/Core/Src/stm32f1xx_it.c:61:6:MemManage_Handler	0	static
C:/Users/ASUS/Desktop/fw_exp_board_usb_v1/src/Core/Src/stm32f1xx_it.c:73:6:BusFault_Handler	0	static
C:/Users/ASUS/Desktop/fw_exp_board_usb_v1/src/Core/Src/stm32f1xx_it.c:85:6:UsageFault_Handler	0	static
C:/Users/ASUS/Desktop/fw_exp_board_usb_v1/src/Core/Src/stm32f1xx_it.c:97:6:SVC_Handler	0	static
C:/Users/ASUS/Desktop/fw_exp_board_usb_v1/src/Core/Src/stm32f1xx_it.c:104:6:DebugMon_Handler	0	static
C:/Users/ASUS/Desktop/fw_exp_board_usb_v1/src/Core/Src/stm32f1xx_it.c:111:6:PendSV_Handler	0	static
C:/Users/ASUS/Desktop/fw_exp_board_usb_v1/src/Core/Src/stm32f1xx_it.c:118:6:SysTick_Handler	8	static
C:/Users/ASUS/Desktop/fw_exp_board_usb_v1/src/Core/Src/stm32f1xx_it.c:133:6:USB_LP_CAN1_RX0_IRQHandler	8	static
