C:/Users/ASUS/Desktop/fw_exp_board_usb_v1/faraabin/faraabin_link_serializer.c:1238:13:fAddToBufferU8	4	static
C:/Users/ASUS/Desktop/fw_exp_board_usb_v1/faraabin/faraabin_link_serializer.c:1260:13:fAddToBufferU16	8	static
C:/Users/ASUS/Desktop/fw_exp_board_usb_v1/faraabin/faraabin_link_serializer.c:1274:13:fAddToBufferU32	8	static
C:/Users/ASUS/Desktop/fw_exp_board_usb_v1/faraabin/faraabin_link_serializer.c:1365:13:fAddToBuffer	16	static
C:/Users/ASUS/Desktop/fw_exp_board_usb_v1/faraabin/faraabin_link_serializer.c:1378:13:fCommonEnableStatusGeneratePayload	8	static
C:/Users/ASUS/Desktop/fw_exp_board_usb_v1/faraabin/faraabin_link_serializer.c:1455:13:fCommonUserDataGeneratePayload	8	static
C:/Users/ASUS/Desktop/fw_exp_board_usb_v1/faraabin/faraabin_link_serializer.c:1706:13:fDataBusCaptureValueGeneratePayload	16	static
C:/Users/ASUS/Desktop/fw_exp_board_usb_v1/faraabin/faraabin_link_serializer.c:1723:13:fDataBusValueGeneratePayload	16	static
C:/Users/ASUS/Desktop/fw_exp_board_usb_v1/faraabin/faraabin_link_serializer.c:1947:13:fMcuPingGeneratePayload	8	static
C:/Users/ASUS/Desktop/fw_exp_board_usb_v1/faraabin/faraabin_link_serializer.c:2248:13:fVarValueGeneratePayload	8	static
C:/Users/ASUS/Desktop/fw_exp_board_usb_v1/faraabin/faraabin_link_serializer.c:2391:13:fDictGeneratePayloadIterator	16	static
C:/Users/ASUS/Desktop/fw_exp_board_usb_v1/faraabin/faraabin_link_serializer.c:2440:13:fSerializePayload_Event	16	static
C:/Users/ASUS/Desktop/fw_exp_board_usb_v1/faraabin/faraabin_link_serializer.c:670:13:fSerializeFrame	32	static,ignoring_inline_asm
C:/Users/ASUS/Desktop/fw_exp_board_usb_v1/faraabin/faraabin_link_serializer.c:1855:13:fDictGeneratePayloadContainer	16	static
C:/Users/ASUS/Desktop/fw_exp_board_usb_v1/faraabin/faraabin_link_serializer.c:1814:13:fDictGeneratePayloadEventGroup	16	static
C:/Users/ASUS/Desktop/fw_exp_board_usb_v1/faraabin/faraabin_link_serializer.c:2726:13:fDictGeneratePayloadFunctionGroupType	16	static
C:/Users/ASUS/Desktop/fw_exp_board_usb_v1/faraabin/faraabin_link_serializer.c:2307:13:fDictGeneratePayloadVarType	16	static
C:/Users/ASUS/Desktop/fw_exp_board_usb_v1/faraabin/faraabin_link_serializer.c:2350:13:fDictGeneratePayloadVarTypeStructMember	8	static
C:/Users/ASUS/Desktop/fw_exp_board_usb_v1/faraabin/faraabin_link_serializer.c:2372:13:fDictGeneratePayloadVarTypeEnumMember	8	static
C:/Users/ASUS/Desktop/fw_exp_board_usb_v1/faraabin/faraabin_link_serializer.c:2264:13:fDictGeneratePayloadVar	16	static
C:/Users/ASUS/Desktop/fw_exp_board_usb_v1/faraabin/faraabin_link_serializer.c:2789:13:fDictGeneratePayloadFunctionGroup	16	static
C:/Users/ASUS/Desktop/fw_exp_board_usb_v1/faraabin/faraabin_link_serializer.c:2767:13:fDictGeneratePayloadFunctionGroupTypeMember	16	static
C:/Users/ASUS/Desktop/fw_exp_board_usb_v1/faraabin/faraabin_link_serializer.c:1656:13:fDataBusSettingGeneratePayload	16	static
C:/Users/ASUS/Desktop/fw_exp_board_usb_v1/faraabin/faraabin_link_serializer.c:1610:13:fDictGeneratePayloadDataBus	16	static
C:/Users/ASUS/Desktop/fw_exp_board_usb_v1/faraabin/faraabin_link_serializer.c:2515:13:fSerializeDict	40	static
C:/Users/ASUS/Desktop/fw_exp_board_usb_v1/faraabin/faraabin_link_serializer.c:2552:13:fGenerateDict	24	static
C:/Users/ASUS/Desktop/fw_exp_board_usb_v1/faraabin/faraabin_link_serializer.c:1964:13:fMcuLiveGeneratePayload	8	static
C:/Users/ASUS/Desktop/fw_exp_board_usb_v1/faraabin/faraabin_link_serializer.c:2027:13:fMcuWhoAmIGeneratePayload	32	static
C:/Users/ASUS/Desktop/fw_exp_board_usb_v1/faraabin/faraabin_link_serializer.c:1895:13:fDictGeneratePayloadMcu	24	static
C:/Users/ASUS/Desktop/fw_exp_board_usb_v1/faraabin/faraabin_link_serializer.c:381:9:fFaraabinLinkSerializer_Init	16	static
C:/Users/ASUS/Desktop/fw_exp_board_usb_v1/faraabin/faraabin_link_serializer.c:425:6:fFaraabinLinkSerializer_SerializeEvent	72	static
C:/Users/ASUS/Desktop/fw_exp_board_usb_v1/faraabin/faraabin_link_serializer.c:481:6:fFaraabinLinkSerializer_SerializeEventPrintf	72	static
C:/Users/ASUS/Desktop/fw_exp_board_usb_v1/faraabin/faraabin_link_serializer.c:548:6:fFaraabinLinkSerializer_SerializeEventPuts	64	static
C:/Users/ASUS/Desktop/fw_exp_board_usb_v1/faraabin/faraabin_link_serializer.c:595:6:fFaraabinLinkSerializer_SerializeEventEnumId	48	static
C:/Users/ASUS/Desktop/fw_exp_board_usb_v1/faraabin/faraabin_link_serializer.c:628:6:fFaraabinLinkSerializer_SerializeDict	24	static
C:/Users/ASUS/Desktop/fw_exp_board_usb_v1/faraabin/faraabin_link_serializer.c:646:10:fFaraabinLinkSerializer_FlushBuffer	0	static
C:/Users/ASUS/Desktop/fw_exp_board_usb_v1/faraabin/faraabin_link_serializer.c:791:6:fFaraabinLinkSerializer_CommonSendUserData	40	static
C:/Users/ASUS/Desktop/fw_exp_board_usb_v1/faraabin/faraabin_link_serializer.c:817:6:fFaraabinLinkSerializer_CommonSendEnable	40	static
C:/Users/ASUS/Desktop/fw_exp_board_usb_v1/faraabin/faraabin_link_serializer.c:838:6:fFaraabinLinkSerializer_DataBusSendSetting	32	static
C:/Users/ASUS/Desktop/fw_exp_board_usb_v1/faraabin/faraabin_link_serializer.c:861:6:fFaraabinLinkSerializer_DataBusSendCaptureValue	40	static
C:/Users/ASUS/Desktop/fw_exp_board_usb_v1/faraabin/faraabin_link_serializer.c:883:6:fFaraabinLinkSerializer_DataBusSendValue	40	static
C:/Users/ASUS/Desktop/fw_exp_board_usb_v1/faraabin/faraabin_link_serializer.c:906:6:fFaraabinLinkSerializer_VarSendValue	48	static
C:/Users/ASUS/Desktop/fw_exp_board_usb_v1/faraabin/faraabin_link_serializer.c:933:6:fFaraabinLinkSerializer_McuSendPing	32	static
C:/Users/ASUS/Desktop/fw_exp_board_usb_v1/faraabin/faraabin_link_serializer.c:954:6:fFaraabinLinkSerializer_McuSendLive	40	static
C:/Users/ASUS/Desktop/fw_exp_board_usb_v1/faraabin/faraabin_link_serializer.c:975:6:fFaraabinLinkSerializer_McuSendWhoAmI	32	static
C:/Users/ASUS/Desktop/fw_exp_board_usb_v1/faraabin/faraabin_link_serializer.c:1063:6:fFaraabinLinkSerializer_VarTypeStructMemberDict	40	static
C:/Users/ASUS/Desktop/fw_exp_board_usb_v1/faraabin/faraabin_link_serializer.c:1093:6:fFaraabinLinkSerializer_VarTypeEnumMemberDict	24	static
C:/Users/ASUS/Desktop/fw_exp_board_usb_v1/faraabin/faraabin_link_serializer.c:1123:6:fFaraabinLinkSerializer_VarDict	72	static
C:/Users/ASUS/Desktop/fw_exp_board_usb_v1/faraabin/faraabin_link_serializer.c:1164:6:fFaraabinLinkSerializer_FunctionGroupDict	56	static
C:/Users/ASUS/Desktop/fw_exp_board_usb_v1/faraabin/faraabin_link_serializer.c:1193:6:fFaraabinLinkSerializer_FunctionGroupTypeMemberDict	16	static
C:/Users/ASUS/Desktop/fw_exp_board_usb_v1/faraabin/faraabin_link_serializer.c:1207:10:fFaraabinLinkSerializer_CountDictsFrames	16	static
C:/Users/ASUS/Desktop/fw_exp_board_usb_v1/faraabin/faraabin_link_serializer.c:1224:10:fFaraabinLinkSerializer_GetRamUsage	0	static
