C:/Users/ASUS/Desktop/fw_exp_board_usb_v1/faraabin/faraabin_fobject_databus.c:1944:16:fQueueRead	4	static
C:/Users/ASUS/Desktop/fw_exp_board_usb_v1/faraabin/faraabin_fobject_databus.c:1969:13:fFreeAllocatedMemory	8	static
C:/Users/ASUS/Desktop/fw_exp_board_usb_v1/faraabin/faraabin_fobject_databus.c:1848:13:fRunCapture	48	static,ignoring_inline_asm
C:/Users/ASUS/Desktop/fw_exp_board_usb_v1/faraabin/faraabin_fobject_databus.c:140:9:fFaraabinFobjectDataBus_Init	16	static
C:/Users/ASUS/Desktop/fw_exp_board_usb_v1/faraabin/faraabin_fobject_databus.c:229:9:fFaraabinFobjectDataBus_AdvFeat_DeInit	8	static
C:/Users/ASUS/Desktop/fw_exp_board_usb_v1/faraabin/faraabin_fobject_databus.c:248:6:fFaraabinFobjectDataBus_Run	88	static
C:/Users/ASUS/Desktop/fw_exp_board_usb_v1/faraabin/faraabin_fobject_databus.c:385:6:fFaraabinFobjectDataBus_SendCaptureDataRun	88	static
C:/Users/ASUS/Desktop/fw_exp_board_usb_v1/faraabin/faraabin_fobject_databus.c:448:10:fFaraabinFobjectDataBus_GetAttachCount	0	static
C:/Users/ASUS/Desktop/fw_exp_board_usb_v1/faraabin/faraabin_fobject_databus.c:471:6:fFaraabinFobjectDataBus_ResetTrigger	8	static
C:/Users/ASUS/Desktop/fw_exp_board_usb_v1/faraabin/faraabin_fobject_databus.c:629:6:fFaraabinFobjectDataBus_StartStream	0	static
C:/Users/ASUS/Desktop/fw_exp_board_usb_v1/faraabin/faraabin_fobject_databus.c:651:6:fFaraabinFobjectDataBus_StartTimer	8	static
C:/Users/ASUS/Desktop/fw_exp_board_usb_v1/faraabin/faraabin_fobject_databus.c:674:6:fFaraabinFobjectDataBus_StartTrigger	16	static
C:/Users/ASUS/Desktop/fw_exp_board_usb_v1/faraabin/faraabin_fobject_databus.c:699:6:fFaraabinFobjectDataBus_ForceTrigger	8	static
C:/Users/ASUS/Desktop/fw_exp_board_usb_v1/faraabin/faraabin_fobject_databus.c:724:6:fFaraabinFobjectDataBus_ForceManualTrigger	8	static
C:/Users/ASUS/Desktop/fw_exp_board_usb_v1/faraabin/faraabin_fobject_databus.c:749:6:fFaraabinFobjectDataBus_Stop	0	static
C:/Users/ASUS/Desktop/fw_exp_board_usb_v1/faraabin/faraabin_fobject_databus.c:770:6:fFaraabinFobjectDataBus_IsCaptureEnd	0	static
C:/Users/ASUS/Desktop/fw_exp_board_usb_v1/faraabin/faraabin_fobject_databus.c:785:10:fFaraabinFobjectDataBus_GetCaptureDataQty	0	static
C:/Users/ASUS/Desktop/fw_exp_board_usb_v1/faraabin/faraabin_fobject_databus.c:802:9:fFaraabinFobjectDataBus_GetCaptureData	16	static
C:/Users/ASUS/Desktop/fw_exp_board_usb_v1/faraabin/faraabin_fobject_databus.c:854:9:fFaraabinFobjectDataBus_AttachVariableToChannel	4	static
C:/Users/ASUS/Desktop/fw_exp_board_usb_v1/faraabin/faraabin_fobject_databus.c:823:9:fFaraabinFobjectDataBus_AttachVariable	32	static
C:/Users/ASUS/Desktop/fw_exp_board_usb_v1/faraabin/faraabin_fobject_databus.c:908:9:fFaraabinFobjectDataBus_AttachEntityNumericalToChannel	4	static
C:/Users/ASUS/Desktop/fw_exp_board_usb_v1/faraabin/faraabin_fobject_databus.c:947:9:fFaraabinFobjectDataBus_AttachCodeBlock	0	static
C:/Users/ASUS/Desktop/fw_exp_board_usb_v1/faraabin/faraabin_fobject_databus.c:977:9:fFaraabinFobjectDataBus_AttachCodeBlockToChannel	0	static
C:/Users/ASUS/Desktop/fw_exp_board_usb_v1/faraabin/faraabin_fobject_databus.c:1027:9:fFaraabinFobjectDataBus_DetachFromChannel	0	static
C:/Users/ASUS/Desktop/fw_exp_board_usb_v1/faraabin/faraabin_fobject_databus.c:1068:9:fFaraabinFobjectDataBus_DetachAllChannels	16	static
C:/Users/ASUS/Desktop/fw_exp_board_usb_v1/faraabin/faraabin_fobject_databus.c:1105:6:fFaraabinFobjectDataBus_RunCodeBlock	0	static
