C:/Users/ASUS/Desktop/fw_exp_board_usb_v1/faraabin/faraabin_link_handler.c:350:13:fFrameHandler	96	static
C:/Users/ASUS/Desktop/fw_exp_board_usb_v1/faraabin/faraabin_link_handler.c:2266:13:fSendCircularBuffer	24	static
C:/Users/ASUS/Desktop/fw_exp_board_usb_v1/faraabin/faraabin_link_handler.c:121:9:fFaraabinLinkHandler_Init	8	static
C:/Users/ASUS/Desktop/fw_exp_board_usb_v1/faraabin/faraabin_link_handler.c:162:6:fFaraabinLinkHandler_Run	24	static
C:/Users/ASUS/Desktop/fw_exp_board_usb_v1/faraabin/faraabin_link_handler.c:220:6:fFaraabinLinkHandler_CharReceived	16	static
C:/Users/ASUS/Desktop/fw_exp_board_usb_v1/faraabin/faraabin_link_handler.c:313:6:fFaraabinLinkHandler_FlushBuffer	8	static
C:/Users/ASUS/Desktop/fw_exp_board_usb_v1/faraabin/faraabin_link_handler.c:322:6:fFaraabinLinkHandler_SetPassword	0	static
C:/Users/ASUS/Desktop/fw_exp_board_usb_v1/faraabin/faraabin_link_handler.c:336:10:fFaraabinLinkHandler_GetRamUsage	0	static
