C:/Users/ASUS/Desktop/fw_exp_board_usb_v1/faraabin/faraabin_function_engine.c:317:38:fFindFunction	0	static
C:/Users/ASUS/Desktop/fw_exp_board_usb_v1/faraabin/faraabin_function_engine.c:81:9:fFaraabinFunctionEngine_Init	16	static
C:/Users/ASUS/Desktop/fw_exp_board_usb_v1/faraabin/faraabin_function_engine.c:108:6:fFaraabinFunctionEngine_Run	72	static
C:/Users/ASUS/Desktop/fw_exp_board_usb_v1/faraabin/faraabin_function_engine.c:158:9:fFaraabinFunctionEngine_Start	12	static
C:/Users/ASUS/Desktop/fw_exp_board_usb_v1/faraabin/faraabin_function_engine.c:195:9:fFaraabinFunctionEngine_Stop	8	static
C:/Users/ASUS/Desktop/fw_exp_board_usb_v1/faraabin/faraabin_function_engine.c:216:9:fFaraabinFunctionEngine_Pause	8	static
C:/Users/ASUS/Desktop/fw_exp_board_usb_v1/faraabin/faraabin_function_engine.c:237:9:fFaraabinFunctionEngine_Resume	8	static
C:/Users/ASUS/Desktop/fw_exp_board_usb_v1/faraabin/faraabin_function_engine.c:256:10:fFaraabinFunctionEngine_GetQtyOfRunningFunctions	0	static
C:/Users/ASUS/Desktop/fw_exp_board_usb_v1/faraabin/faraabin_function_engine.c:279:9:fFaraabinFunctionEngine_GetPtrsOfRunningFunction	16	static
C:/Users/ASUS/Desktop/fw_exp_board_usb_v1/faraabin/faraabin_function_engine.c:373:10:fFaraabinFunctionEngine_GetRamUsage	0	static
