C:/Users/ASUS/Desktop/fw_exp_board_usb_v1/src/faraabin/faraabin.c:87:13:fFaraabin_Init	24	static
C:/Users/ASUS/Desktop/fw_exp_board_usb_v1/src/faraabin/faraabin.c:145:6:fFaraabin_Enable	0	static
C:/Users/ASUS/Desktop/fw_exp_board_usb_v1/src/faraabin/faraabin.c:153:6:fFaraabin_Disable	0	static
C:/Users/ASUS/Desktop/fw_exp_board_usb_v1/src/faraabin/faraabin.c:158:6:fFaraabin_IsAllowEvent	0	static
C:/Users/ASUS/Desktop/fw_exp_board_usb_v1/src/faraabin/faraabin.c:182:6:fFaraabin_Run	16	static
C:/Users/ASUS/Desktop/fw_exp_board_usb_v1/src/faraabin/faraabin.c:221:6:fFaraabin_CharReceived	8	static
C:/Users/ASUS/Desktop/fw_exp_board_usb_v1/src/faraabin/faraabin.c:239:6:fFaraabin_PasswordSet	8	static
C:/Users/ASUS/Desktop/fw_exp_board_usb_v1/src/faraabin/faraabin.c:249:6:fFaraabin_PasswordEnable	0	static
C:/Users/ASUS/Desktop/fw_exp_board_usb_v1/src/faraabin/faraabin.c:259:6:fFaraabin_PasswordDisable	0	static
C:/Users/ASUS/Desktop/fw_exp_board_usb_v1/src/faraabin/faraabin.c:270:6:fFaraabin_IsHostConnected	8	static
C:/Users/ASUS/Desktop/fw_exp_board_usb_v1/src/faraabin/faraabin.c:275:6:fFaraabin_FlushBuffer	8	static
